(agda2-status-action "")
(agda2-info-action "*Type-checking*" "" nil)
(agda2-highlight-clear)
(agda2-info-action "*Type-checking*" "Checking Issue2172 (Issue2172.agda). " t)
(agda2-status-action "")
(agda2-info-action "*All Goals*" "?0 : FunctorLaws (λ z → A z) " nil)
((last . 1) . (agda2-goals-action '(0)))
((last . 2) . (agda2-solveAll-action '(0 "L")))
((last . 1) . (agda2-goals-action '(0)))
