(agda2-status-action "")
(agda2-info-action "*Agda Version*" "Agda version 2.5.2.20170816" nil)
