Agda2> (agda2-status-action "")
(agda2-info-action "*Type-checking*" "" nil)
(agda2-highlight-clear)
(agda2-info-action "*Type-checking*" "Checking Issue1104 (Issue1104.agda).\n" t)
(agda2-info-action "*Type-checking*" "Finished Issue1104.\n" t)
(agda2-status-action "")
(agda2-info-action "*All Goals*" "?0 : Set\n?1 : Set\n?2 : Set → Set → Set\n?3 : Set\n" nil)
((last . 1) . (agda2-goals-action '(0 1 2 3)))
Agda2> Agda2> 