Agda2> (agda2-status-action "")
(agda2-info-action "*Type-checking*" "" nil)
(agda2-highlight-clear)
(agda2-info-action "*Type-checking*" "Checking Issue952 (Issue952.agda).\n" t)
(agda2-info-action "*Type-checking*" "Finished Issue952.\n" t)
(agda2-status-action "")
(agda2-info-action "*All Goals*" "?0 : Set\n" nil)
((last . 1) . (agda2-goals-action '(0)))
Agda2> (agda2-status-action "")
(agda2-info-action "*Inferred Type*" "{A = A₁ : Set₁} {B = B₁ : Set₁} (C₁ : Set) → C₁ → C₁" nil)
((last . 1) . (agda2-goals-action '(0)))
Agda2> 