(agda2-status-action "")
(agda2-info-action "*Type-checking*" "" nil)
(agda2-highlight-clear)
(agda2-info-action "*Type-checking*" "Checking Issue1925 (Issue1925.agda). " t)
(agda2-info-action "*Type-checking*" "Finished Issue1925. " t)
(agda2-status-action "")
(agda2-info-action "*All Goals*" "?0 : Set " nil)
((last . 1) . (agda2-goals-action '(0)))
(agda2-info-action "*Error*" "Issue1925.agda:2,8-15 No such module M when retrieving the contents of a module" nil)
((last . 3) . (agda2-goto '("Issue1925.agda" . 19)))
(agda2-highlight-load-and-delete-action)
(agda2-status-action "")
