Agda2> (agda2-status-action "")
(agda2-info-action "*Type-checking*" "" nil)
(agda2-highlight-clear)
(agda2-info-action "*Type-checking*" "Checking Issue1353 (Issue1353.agda). " t)
(agda2-verbose "Found interaction point ?0 : (I → Set) ")
(agda2-info-action "*Type-checking*" "Finished Issue1353. " t)
(agda2-status-action "ShowImplicit")
(agda2-info-action "*All Goals*" "?0 : I → Set _238 : (a : Arity Ω {i} p) → _240 {I} {X} {i} (input Ω {i} p a) [ at Issue1353.agda:89,71-72 ] _239 : (a : Arity Ω {i} p) → _240 {I} {X} {i} (input Ω {i} p a) [ at Issue1353.agda:89,71-72 ] _240 : Set [ at Issue1353.agda:89,60-65 ] _241 : Σ (Parameter Ψ i) (λ p₁ → (a : Arity Ψ {i} p₁) → X (input Ψ {i} p₁ a)) [ at Issue1353.agda:89,54-73 ] _242 : Σ (Parameter Ψ i) (λ p₁ → (a : Arity Ψ {i} p₁) → X (input Ψ {i} p₁ a)) [ at Issue1353.agda:89,54-73 ] " nil)
((last . 1) . (agda2-goals-action '(0)))
Agda2> (agda2-info-action "*Error*" "1,1-2 Cannot instantiate the metavariable _240 to solution (X x) since it contains the variable X which is not in scope of the metavariable or irrelevant in the metavariable but relevant in the solution when checking that the expression X has type (I → Set)" nil)
(agda2-highlight-load-and-delete-action)
(agda2-status-action "ShowImplicit")
Agda2> 