Agda2> (agda2-status-action "")
(agda2-info-action "*Type-checking*" "" nil)
(agda2-highlight-clear)
(agda2-info-action "*Type-checking*" "Checking Issue1036 (Issue1036.agda).\n" t)
(agda2-info-action "*Type-checking*" "Finished Issue1036.\n" t)
(agda2-status-action "")
(agda2-info-action "*All Goals*" "?0 : A\n" nil)
((last . 1) . (agda2-goals-action '(0)))
Agda2> 