(agda2-status-action "")
(agda2-info-action "*Type-checking*" "" nil)
(agda2-highlight-clear)
(agda2-info-action "*Type-checking*" "Checking Issue2574 (Issue2574.agda). " t)
(agda2-info-action "*Type-checking*" " Checking Issue2574Import (Issue2574Import.agda). " t)
(agda2-info-action "*Type-checking*" " Finished Issue2574Import. " t)
(agda2-highlight-add-annotations '(1 58 (comment) nil) '(60 64 (keyword) nil) '(65 71 (keyword) nil) '(90 133 (comment) nil))
(agda2-highlight-add-annotations '(72 87 (module) nil))
(agda2-highlight-add-annotations '(72 87 (module) nil))
(agda2-highlight-add-annotations '(1 58 (comment) nil) '(60 64 (keyword) nil) '(65 71 (keyword) nil) '(90 133 (comment) nil))
(agda2-info-action "*Type-checking*" "Finished Issue2574. " t)
(agda2-status-action "Checked")
(agda2-info-action "*All Done*" "" nil)
((last . 1) . (agda2-goals-action '()))
