(agda2-status-action "")
(agda2-info-action "*Type-checking*" "" nil)
(agda2-highlight-clear)
(agda2-info-action "*Type-checking*" "Checking Issue2096 (Issue2096.agda). " t)
(agda2-info-action "*Type-checking*" " Checking Agda.Builtin.Size (agda-default-include-path/Agda/Builtin/Size.agda). " t)
(agda2-info-action "*Type-checking*" " Finished Agda.Builtin.Size. " t)
(agda2-status-action "")
(agda2-info-action "*All Goals, Errors*" "?0 : Size ?1 : Size _j_253 : Size< ?1 [ at Issue2096.agda:55,11-14 ] _l_257 : Size< _j_253 t [ at Issue2096.agda:55,16-19 ] _m_259 : Size [ at Issue2096.agda:55,20-25 ] _o_266 : Size< _l_257 t [ at Issue2096.agda:55,27-30 ] ———— Errors ———————————————————————————————————————————————— Failed to solve the following constraints: [0] ↑ (↑ (↑ (↑ (↑ _m_259 t)))) =< _j_253 t : Size [0] ↑ _l_257 t =< _j_253 t : Size [0] ↑ _j_253 t =< ?1 : Size [0] ↑ _o_266 t =< _l_257 t : Size [0] ↑ ?0 =< _o_266 t : Size " nil)
((last . 1) . (agda2-goals-action '(0 1)))
(agda2-info-action "*Error*" "1,1-2 Cannot solve size constraints [.q, .A, .B, .Γ, .r, t] .r < .q |- ↑ .q ≤ _o_266 .q .A .B .Γ .r t [.q, .A, .B, .Γ, .r, t] .r < .q |- ↑ _o_266 .q .A .B .Γ .r t ≤ _l_257 .q .A .B .Γ .r t [.q, .A, .B, .Γ, .r, t] .r < .q |- ↑ _j_253 .q .A .B .Γ .r t ≤ ?1 .q .A .B .Γ .r [.q, .A, .B, .Γ, .r, t] .r < .q |- ↑ _l_257 .q .A .B .Γ .r t ≤ _j_253 .q .A .B .Γ .r t [.q, .A, .B, .Γ, .r, t] .r < .q |- ↑ (↑ (↑ (↑ (↑ _m_259 .q .A .B .Γ .r t)))) ≤ _j_253 .q .A .B .Γ .r t Reason: inconsistent upper bound for 259 when checking that the expression q has type Size" nil)
(agda2-highlight-load-and-delete-action)
(agda2-status-action "")
