Agda2> (agda2-status-action "")
(agda2-info-action "*Type-checking*" "" nil)
(agda2-highlight-clear)
(agda2-info-action "*Type-checking*" "Checking Issue1110b (Issue1110b.agda).\n" t)
(agda2-info-action "*Type-checking*" "  Skipping Common.Level (Level.agdai).\n" t)
(agda2-info-action "*Type-checking*" " Skipping Common.Prelude (Prelude.agdai).\n" t)
(agda2-info-action "*Type-checking*" " Skipping Common.Equality (Equality.agdai).\n" t)
(agda2-info-action "*Type-checking*" "Finished Issue1110b.\n" t)
(agda2-status-action "")
(agda2-info-action "*All Goals*" "?0 : Nat\n?1 : P x\n" nil)
((last . 1) . (agda2-goals-action '(0 1)))
Agda2> 