(agda2-status-action "")
(agda2-info-action "*Type-checking*" "" nil)
(agda2-highlight-clear)
(agda2-info-action "*Type-checking*" "Checking Issue2076 (Issue2076.agda). " t)
(agda2-info-action "*Type-checking*" "Finished Issue2076. " t)
(agda2-status-action "Checked")
(agda2-info-action "*All Goals*" "" nil)
((last . 1) . (agda2-goals-action '()))
(agda2-status-action "Checked")
(agda2-info-action "*Normal Form*" "λ a → λ { true → a , a }" nil)
((last . 1) . (agda2-goals-action '()))
(agda2-status-action "Checked")
(agda2-info-action "*Normal Form*" "(y : Bool) → M.Bar (λ _ → Void) (λ { true → true ; false → false })" nil)
((last . 1) . (agda2-goals-action '()))
