(agda2-status-action "")
(agda2-info-action "*Type-checking*" "" nil)
(agda2-highlight-clear)
(agda2-info-action "*Type-checking*" "Checking Issue1790 (Issue1790.agda). " t)
(agda2-highlight-add-annotations '(1 35 (comment) nil) '(36 92 (comment) nil) '(93 142 (comment) nil) '(143 179 (comment) nil) '(181 187 (keyword) nil) '(192 193 (symbol) nil) '(195 196 (symbol) nil) '(199 200 (symbol) nil) '(201 204 (primitivetype) nil) '(204 205 (symbol) nil) '(206 207 (symbol) nil) '(208 211 (primitivetype) nil) '(212 217 (keyword) nil) '(220 225 (keyword) nil) '(234 235 (symbol) nil) '(246 247 (symbol) nil) '(255 302 (comment) nil))
(agda2-highlight-add-annotations '(181 187 (keyword) nil) '(188 189 (record) nil ("Issue1790.agda" . 188)) '(190 191 (bound) nil ("Issue1790.agda" . 190)) '(192 193 (symbol) nil) '(193 194 (bound) nil ("Issue1790.agda" . 193)) '(195 196 (symbol) nil) '(197 198 (bound) nil ("Issue1790.agda" . 190)) '(199 200 (symbol) nil) '(201 204 (primitivetype) nil) '(204 205 (symbol) nil) '(206 207 (symbol) nil) '(208 211 (primitivetype) nil) '(212 217 (keyword) nil) '(220 225 (keyword) nil) '(230 233 (field) nil ("Issue1790.agda" . 230)) '(234 235 (symbol) nil) '(236 237 (bound) nil ("Issue1790.agda" . 190)) '(242 245 (field) nil ("Issue1790.agda" . 242)) '(246 247 (symbol) nil) '(248 249 (bound) nil ("Issue1790.agda" . 193)) '(250 253 (bound) nil ("Issue1790.agda" . 230)))
(agda2-highlight-add-annotations '(188 189 (record) nil ("Issue1790.agda" . 188)) '(190 191 (bound) nil ("Issue1790.agda" . 190)) '(192 193 (symbol) nil) '(193 194 (bound) nil ("Issue1790.agda" . 193)) '(195 196 (symbol) nil) '(197 198 (bound) nil ("Issue1790.agda" . 190)) '(199 200 (symbol) nil) '(201 204 (primitivetype) nil) '(204 205 (symbol) nil) '(206 207 (symbol) nil) '(208 211 (primitivetype) nil))
(agda2-highlight-add-annotations '(181 187 (keyword) nil) '(188 189 (record) nil ("Issue1790.agda" . 188)) '(212 217 (keyword) nil) '(220 225 (keyword) nil) '(230 233 (field) nil ("Issue1790.agda" . 230)) '(234 235 (symbol) nil) '(236 237 (bound) nil ("Issue1790.agda" . 190)) '(242 245 (field) nil ("Issue1790.agda" . 242)) '(246 247 (symbol) nil) '(248 249 (bound) nil ("Issue1790.agda" . 193)) '(250 253 (field) nil ("Issue1790.agda" . 230)))
(agda2-highlight-add-annotations '(1 35 (comment) nil) '(36 92 (comment) nil) '(93 142 (comment) nil) '(143 179 (comment) nil) '(255 302 (comment) nil))
(agda2-info-action "*Type-checking*" "Finished Issue1790. " t)
(agda2-status-action "Checked")
(agda2-info-action "*All Goals*" "" nil)
((last . 1) . (agda2-goals-action '()))
