Agda2> (agda2-status-action "")
(agda2-info-action "*Type-checking*" "" nil)
(agda2-highlight-clear)
(agda2-info-action "*Type-checking*" "Checking SplitResult (SplitResult.agda).\n" t)
(agda2-info-action "*Type-checking*" " Checking Common.Product (Product.agda).\n" t)
(agda2-info-action "*Type-checking*" "  Checking Common.Level (Level.agda).\n" t)
(agda2-info-action "*Type-checking*" "  Finished Common.Level.\n" t)
(agda2-info-action "*Type-checking*" " Finished Common.Product.\n" t)
(agda2-info-action "*Type-checking*" "Finished SplitResult.\n" t)
(agda2-status-action "")
(agda2-info-action "*All Goals*" "?0 : .A × .B\n" nil)
((last . 1) . (agda2-goals-action '(0)))
Agda2> ((last . 2) . (agda2-make-case-action '("proj₁ (test a b) = ?" "proj₂ (test a b) = ?")))
((last . 1) . (agda2-goals-action '(0)))
Agda2> Agda2> Agda2> Agda2> Agda2> Agda2> 