Agda2> (agda2-status-action "")
(agda2-info-action "*Type-checking*" "" nil)
(agda2-highlight-clear)
(agda2-status-action "")
(agda2-info-action "*All Goals*" "?0 : (.Relation.Binary.Setoid.preorder (setoid ℕ) .Relation.Binary.Preorder.∼ 0) 0 " nil)
((last . 1) . (agda2-goals-action '(0)))
Agda2>
