EXECUTED_PROGRAM

ret > ExitSuccess
out > NaN < -5.0  = true
out > NaN == -NaN = false
out >
