EXECUTED_PROGRAM

ret > ExitSuccess
out > 123.0 = 123.0
out > -42.0 = -42.0
out > NaN   = NaN
out > Inf   = Infinity
out > -Inf  = -Infinity
out > -0.0  = -0.0
out > NaN == NaN  = true
out > Inf == Inf  = true
out > NaN < -Inf  = false
out > NaN < -5.0  = true
out > 0.0 == -0.0 = false
out >
