EXECUTED_PROGRAM

ret > ExitSuccess
out >  Inf  -Inf   NaN  -NaN  |  x
out >    x     -     -     -  |  Infinity
out >    -     x     -     -  |  -Infinity
out >    -     -     x     -  |  NaN
out >    -     -     -     x  |  NaN
out >
