EXECUTED_PROGRAM

ret > ExitSuccess
out > infixr 5 Agda.Builtin.List.List._∷_
out > infixl -1729 Issue1664._to_
out > infix 4 Agda.Builtin.Equality._≡_
out > (no fixity) Agda.Builtin.List.List
out >
