EXECUTED_PROGRAM

ret > ExitSuccess
out > NaN == -NaN = false
out >
