EXECUTED_PROGRAM

ret > ExitSuccess
out > 0.0 == -0.0 = false
out >
